// Jest Snapshot v1, https://goo.gl/fbAQLP

exports[`test of dom render 1`] = `
Object {
  "asFragment": [Function],
  "baseElement": <body>
    <div>
      <div
        class="editor"
      >
        <div
          class="inputs"
        >
          <h1
            class="title"
          >
            Create A Character!
          </h1>
          <h5
            class="blurb"
          >
            You probably dont want to.
          </h5>
          <div
            class="form"
          >
            <label>
              Head: 
            </label>
            <select>
              <option
                value="placeholder"
              >
                 
              </option>
              <option
                value="head-1"
              >
                Head 1
              </option>
              <option
                value="head-2"
              >
                Head 2
              </option>
              <option
                value="head-3"
              >
                Head 3
              </option>
            </select>
          </div>
          <div
            class="form"
          >
            <label>
              Body: 
            </label>
            <select>
              <option
                value="placeholder"
              >
                 
              </option>
              <option
                value="body-1"
              >
                Body 1
              </option>
              <option
                value="body-2"
              >
                Body 2
              </option>
              <option
                value="body-3"
              >
                Body 3
              </option>
            </select>
          </div>
          <div
            class="form"
          >
            <label>
              Legs: 
            </label>
            <select>
              <option
                value="placeholder"
              >
                 
              </option>
              <option
                value="legs-1"
              >
                Legs 1
              </option>
              <option
                value="legs-2"
              >
                Legs 2
              </option>
              <option
                value="legs-3"
              >
                Legs 3
              </option>
            </select>
          </div>
          <div
            class="form"
          >
            <label>
              Phrase: 
            </label>
            <input
              type="text"
              value=""
            />
            <button>
              Save
            </button>
          </div>
        </div>
        <div
          class="counter"
        >
          <span
            class="head-count"
          >
            Your head has changed 
             times
          </span>
          <span
            class="body-count"
          >
            Your body has changed 
             times
          </span>
          <span
            class="legs-count"
          >
            Your legs have changed 
             times
          </span>
        </div>
      </div>
    </div>
  </body>,
  "container": <div>
    <div
      class="editor"
    >
      <div
        class="inputs"
      >
        <h1
          class="title"
        >
          Create A Character!
        </h1>
        <h5
          class="blurb"
        >
          You probably dont want to.
        </h5>
        <div
          class="form"
        >
          <label>
            Head: 
          </label>
          <select>
            <option
              value="placeholder"
            >
               
            </option>
            <option
              value="head-1"
            >
              Head 1
            </option>
            <option
              value="head-2"
            >
              Head 2
            </option>
            <option
              value="head-3"
            >
              Head 3
            </option>
          </select>
        </div>
        <div
          class="form"
        >
          <label>
            Body: 
          </label>
          <select>
            <option
              value="placeholder"
            >
               
            </option>
            <option
              value="body-1"
            >
              Body 1
            </option>
            <option
              value="body-2"
            >
              Body 2
            </option>
            <option
              value="body-3"
            >
              Body 3
            </option>
          </select>
        </div>
        <div
          class="form"
        >
          <label>
            Legs: 
          </label>
          <select>
            <option
              value="placeholder"
            >
               
            </option>
            <option
              value="legs-1"
            >
              Legs 1
            </option>
            <option
              value="legs-2"
            >
              Legs 2
            </option>
            <option
              value="legs-3"
            >
              Legs 3
            </option>
          </select>
        </div>
        <div
          class="form"
        >
          <label>
            Phrase: 
          </label>
          <input
            type="text"
            value=""
          />
          <button>
            Save
          </button>
        </div>
      </div>
      <div
        class="counter"
      >
        <span
          class="head-count"
        >
          Your head has changed 
           times
        </span>
        <span
          class="body-count"
        >
          Your body has changed 
           times
        </span>
        <span
          class="legs-count"
        >
          Your legs have changed 
           times
        </span>
      </div>
    </div>
  </div>,
  "debug": [Function],
  "findAllByAltText": [Function],
  "findAllByDisplayValue": [Function],
  "findAllByLabelText": [Function],
  "findAllByPlaceholderText": [Function],
  "findAllByRole": [Function],
  "findAllByTestId": [Function],
  "findAllByText": [Function],
  "findAllByTitle": [Function],
  "findByAltText": [Function],
  "findByDisplayValue": [Function],
  "findByLabelText": [Function],
  "findByPlaceholderText": [Function],
  "findByRole": [Function],
  "findByTestId": [Function],
  "findByText": [Function],
  "findByTitle": [Function],
  "getAllByAltText": [Function],
  "getAllByDisplayValue": [Function],
  "getAllByLabelText": [Function],
  "getAllByPlaceholderText": [Function],
  "getAllByRole": [Function],
  "getAllByTestId": [Function],
  "getAllByText": [Function],
  "getAllByTitle": [Function],
  "getByAltText": [Function],
  "getByDisplayValue": [Function],
  "getByLabelText": [Function],
  "getByPlaceholderText": [Function],
  "getByRole": [Function],
  "getByTestId": [Function],
  "getByText": [Function],
  "getByTitle": [Function],
  "queryAllByAltText": [Function],
  "queryAllByDisplayValue": [Function],
  "queryAllByLabelText": [Function],
  "queryAllByPlaceholderText": [Function],
  "queryAllByRole": [Function],
  "queryAllByTestId": [Function],
  "queryAllByText": [Function],
  "queryAllByTitle": [Function],
  "queryByAltText": [Function],
  "queryByDisplayValue": [Function],
  "queryByLabelText": [Function],
  "queryByPlaceholderText": [Function],
  "queryByRole": [Function],
  "queryByTestId": [Function],
  "queryByText": [Function],
  "queryByTitle": [Function],
  "rerender": [Function],
  "unmount": [Function],
}
`;
